Archive member included to satisfy reference by file (symbol)

C:/ST/STM32CubeIDE_1.16.1/STM32CubeIDE/plugins/com.st.stm32cube.ide.mcu.externaltools.gnu-tools-for-stm32.12.3.rel1.win32_1.0.200.202406191623/tools/bin/../lib/gcc/arm-none-eabi/12.3.1/../../../../arm-none-eabi/lib/thumb/v6-m/nofp\libc_nano.a(libc_a-exit.o)
                              C:/ST/STM32CubeIDE_1.16.1/STM32CubeIDE/plugins/com.st.stm32cube.ide.mcu.externaltools.gnu-tools-for-stm32.12.3.rel1.win32_1.0.200.202406191623/tools/bin/../lib/gcc/arm-none-eabi/12.3.1/../../../../arm-none-eabi/lib/thumb/v6-m/nofp/crt0.o (exit)
C:/ST/STM32CubeIDE_1.16.1/STM32CubeIDE/plugins/com.st.stm32cube.ide.mcu.externaltools.gnu-tools-for-stm32.12.3.rel1.win32_1.0.200.202406191623/tools/bin/../lib/gcc/arm-none-eabi/12.3.1/../../../../arm-none-eabi/lib/thumb/v6-m/nofp\libc_nano.a(libc_a-findfp.o)
                              C:/ST/STM32CubeIDE_1.16.1/STM32CubeIDE/plugins/com.st.stm32cube.ide.mcu.externaltools.gnu-tools-for-stm32.12.3.rel1.win32_1.0.200.202406191623/tools/bin/../lib/gcc/arm-none-eabi/12.3.1/../../../../arm-none-eabi/lib/thumb/v6-m/nofp\libc_nano.a(libc_a-exit.o) (__stdio_exit_handler)
C:/ST/STM32CubeIDE_1.16.1/STM32CubeIDE/plugins/com.st.stm32cube.ide.mcu.externaltools.gnu-tools-for-stm32.12.3.rel1.win32_1.0.200.202406191623/tools/bin/../lib/gcc/arm-none-eabi/12.3.1/../../../../arm-none-eabi/lib/thumb/v6-m/nofp\libc_nano.a(libc_a-fwalk.o)
                              C:/ST/STM32CubeIDE_1.16.1/STM32CubeIDE/plugins/com.st.stm32cube.ide.mcu.externaltools.gnu-tools-for-stm32.12.3.rel1.win32_1.0.200.202406191623/tools/bin/../lib/gcc/arm-none-eabi/12.3.1/../../../../arm-none-eabi/lib/thumb/v6-m/nofp\libc_nano.a(libc_a-findfp.o) (_fwalk_sglue)
C:/ST/STM32CubeIDE_1.16.1/STM32CubeIDE/plugins/com.st.stm32cube.ide.mcu.externaltools.gnu-tools-for-stm32.12.3.rel1.win32_1.0.200.202406191623/tools/bin/../lib/gcc/arm-none-eabi/12.3.1/../../../../arm-none-eabi/lib/thumb/v6-m/nofp\libc_nano.a(libc_a-stdio.o)
                              C:/ST/STM32CubeIDE_1.16.1/STM32CubeIDE/plugins/com.st.stm32cube.ide.mcu.externaltools.gnu-tools-for-stm32.12.3.rel1.win32_1.0.200.202406191623/tools/bin/../lib/gcc/arm-none-eabi/12.3.1/../../../../arm-none-eabi/lib/thumb/v6-m/nofp\libc_nano.a(libc_a-findfp.o) (__sread)
C:/ST/STM32CubeIDE_1.16.1/STM32CubeIDE/plugins/com.st.stm32cube.ide.mcu.externaltools.gnu-tools-for-stm32.12.3.rel1.win32_1.0.200.202406191623/tools/bin/../lib/gcc/arm-none-eabi/12.3.1/../../../../arm-none-eabi/lib/thumb/v6-m/nofp\libc_nano.a(libc_a-memset.o)
                              C:/ST/STM32CubeIDE_1.16.1/STM32CubeIDE/plugins/com.st.stm32cube.ide.mcu.externaltools.gnu-tools-for-stm32.12.3.rel1.win32_1.0.200.202406191623/tools/bin/../lib/gcc/arm-none-eabi/12.3.1/../../../../arm-none-eabi/lib/thumb/v6-m/nofp/crt0.o (memset)
C:/ST/STM32CubeIDE_1.16.1/STM32CubeIDE/plugins/com.st.stm32cube.ide.mcu.externaltools.gnu-tools-for-stm32.12.3.rel1.win32_1.0.200.202406191623/tools/bin/../lib/gcc/arm-none-eabi/12.3.1/../../../../arm-none-eabi/lib/thumb/v6-m/nofp\libc_nano.a(libc_a-closer.o)
                              C:/ST/STM32CubeIDE_1.16.1/STM32CubeIDE/plugins/com.st.stm32cube.ide.mcu.externaltools.gnu-tools-for-stm32.12.3.rel1.win32_1.0.200.202406191623/tools/bin/../lib/gcc/arm-none-eabi/12.3.1/../../../../arm-none-eabi/lib/thumb/v6-m/nofp\libc_nano.a(libc_a-stdio.o) (_close_r)
C:/ST/STM32CubeIDE_1.16.1/STM32CubeIDE/plugins/com.st.stm32cube.ide.mcu.externaltools.gnu-tools-for-stm32.12.3.rel1.win32_1.0.200.202406191623/tools/bin/../lib/gcc/arm-none-eabi/12.3.1/../../../../arm-none-eabi/lib/thumb/v6-m/nofp\libc_nano.a(libc_a-reent.o)
                              C:/ST/STM32CubeIDE_1.16.1/STM32CubeIDE/plugins/com.st.stm32cube.ide.mcu.externaltools.gnu-tools-for-stm32.12.3.rel1.win32_1.0.200.202406191623/tools/bin/../lib/gcc/arm-none-eabi/12.3.1/../../../../arm-none-eabi/lib/thumb/v6-m/nofp\libc_nano.a(libc_a-closer.o) (errno)
C:/ST/STM32CubeIDE_1.16.1/STM32CubeIDE/plugins/com.st.stm32cube.ide.mcu.externaltools.gnu-tools-for-stm32.12.3.rel1.win32_1.0.200.202406191623/tools/bin/../lib/gcc/arm-none-eabi/12.3.1/../../../../arm-none-eabi/lib/thumb/v6-m/nofp\libc_nano.a(libc_a-impure.o)
                              C:/ST/STM32CubeIDE_1.16.1/STM32CubeIDE/plugins/com.st.stm32cube.ide.mcu.externaltools.gnu-tools-for-stm32.12.3.rel1.win32_1.0.200.202406191623/tools/bin/../lib/gcc/arm-none-eabi/12.3.1/../../../../arm-none-eabi/lib/thumb/v6-m/nofp\libc_nano.a(libc_a-reent.o) (_impure_ptr)
C:/ST/STM32CubeIDE_1.16.1/STM32CubeIDE/plugins/com.st.stm32cube.ide.mcu.externaltools.gnu-tools-for-stm32.12.3.rel1.win32_1.0.200.202406191623/tools/bin/../lib/gcc/arm-none-eabi/12.3.1/../../../../arm-none-eabi/lib/thumb/v6-m/nofp\libc_nano.a(libc_a-lseekr.o)
[...]
Memory Configuration

Name             Origin             Length             Attributes
RAM              0x20000000         0x00009000         xrw
FLASH            0x08000000         0x00020000         xr
*default*        0x00000000         0xffffffff

Linker script and memory map

LOAD C:/ST/STM32CubeIDE_1.16.1/STM32CubeIDE/plugins/com.st.stm32cube.ide.mcu.externaltools.gnu-tools-for-stm32.12.3.rel1.win32_1.0.200.202406191623/tools/bin/../lib/gcc/arm-none-eabi/12.3.1/thumb/v6-m/nofp/crti.o
LOAD C:/ST/STM32CubeIDE_1.16.1/STM32CubeIDE/plugins/com.st.stm32cube.ide.mcu.externaltools.gnu-tools-for-stm32.12.3.rel1.win32_1.0.200.202406191623/tools/bin/../lib/gcc/arm-none-eabi/12.3.1/thumb/v6-m/nofp/crtbegin.o
LOAD C:/ST/STM32CubeIDE_1.16.1/STM32CubeIDE/plugins/com.st.stm32cube.ide.mcu.externaltools.gnu-tools-for-stm32.12.3.rel1.win32_1.0.200.202406191623/tools/bin/../lib/gcc/arm-none-eabi/12.3.1/../../../../arm-none-eabi/lib/thumb/v6-m/nofp/crt0.o
LOAD ./Core/Src/gpio.o
LOAD ./Core/Src/main.o
LOAD ./Core/Src/rtc.o
LOAD ./Core/Src/stm32g0xx_hal_msp.o
LOAD ./Core/Src/stm32g0xx_it.o
LOAD ./Core/Src/syscalls.o
LOAD ./Core/Src/sysmem.o
LOAD ./Core/Src/system_stm32g0xx.o
LOAD ./Core/Src/tim.o
LOAD ./Core/Startup/startup_stm32g071rbtx.o
LOAD ./Drivers/STM32G0xx_HAL_Driver/Src/stm32g0xx_hal.o
LOAD ./Drivers/STM32G0xx_HAL_Driver/Src/stm32g0xx_hal_cortex.o
LOAD ./Drivers/STM32G0xx_HAL_Driver/Src/stm32g0xx_hal_dma.o
LOAD ./Drivers/STM32G0xx_HAL_Driver/Src/stm32g0xx_hal_dma_ex.o
LOAD ./Drivers/STM32G0xx_HAL_Driver/Src/stm32g0xx_hal_exti.o
LOAD ./Drivers/STM32G0xx_HAL_Driver/Src/stm32g0xx_hal_flash.o
LOAD ./Drivers/STM32G0xx_HAL_Driver/Src/stm32g0xx_hal_flash_ex.o
LOAD ./Drivers/STM32G0xx_HAL_Driver/Src/stm32g0xx_hal_gpio.o
LOAD ./Drivers/STM32G0xx_HAL_Driver/Src/stm32g0xx_hal_pwr.o
LOAD ./Drivers/STM32G0xx_HAL_Driver/Src/stm32g0xx_hal_pwr_ex.o
LOAD ./Drivers/STM32G0xx_HAL_Driver/Src/stm32g0xx_hal_rcc.o
LOAD ./Drivers/STM32G0xx_HAL_Driver/Src/stm32g0xx_hal_rcc_ex.o
LOAD ./Drivers/STM32G0xx_HAL_Driver/Src/stm32g0xx_hal_rtc.o
LOAD ./Drivers/STM32G0xx_HAL_Driver/Src/stm32g0xx_hal_rtc_ex.o
LOAD ./Drivers/STM32G0xx_HAL_Driver/Src/stm32g0xx_hal_tim.o
LOAD ./Drivers/STM32G0xx_HAL_Driver/Src/stm32g0xx_hal_tim_ex.o
LOAD ./Drivers/STM32G0xx_HAL_Driver/Src/stm32g0xx_ll_rcc.o
START GROUP
LOAD C:/ST/STM32CubeIDE_1.16.1/STM32CubeIDE/plugins/com.st.stm32cube.ide.mcu.externaltools.gnu-tools-for-stm32.12.3.rel1.win32_1.0.200.202406191623/tools/bin/../lib/gcc/arm-none-eabi/12.3.1/../../../../arm-none-eabi/lib/thumb/v6-m/nofp\libc_nano.a
LOAD C:/ST/STM32CubeIDE_1.16.1/STM32CubeIDE/plugins/com.st.stm32cube.ide.mcu.externaltools.gnu-tools-for-stm32.12.3.rel1.win32_1.0.200.202406191623/tools/bin/../lib/gcc/arm-none-eabi/12.3.1/../../../../arm-none-eabi/lib/thumb/v6-m/nofp\libm.a
END GROUP
START GROUP
LOAD C:/ST/STM32CubeIDE_1.16.1/STM32CubeIDE/plugins/com.st.stm32cube.ide.mcu.externaltools.gnu-tools-for-stm32.12.3.rel1.win32_1.0.200.202406191623/tools/bin/../lib/gcc/arm-none-eabi/12.3.1/thumb/v6-m/nofp\libgcc.a
LOAD C:/ST/STM32CubeIDE_1.16.1/STM32CubeIDE/plugins/com.st.stm32cube.ide.mcu.externaltools.gnu-tools-for-stm32.12.3.rel1.win32_1.0.200.202406191623/tools/bin/../lib/gcc/arm-none-eabi/12.3.1/../../../../arm-none-eabi/lib/thumb/v6-m/nofp\libc_nano.a
END GROUP
START GROUP
LOAD C:/ST/STM32CubeIDE_1.16.1/STM32CubeIDE/plugins/com.st.stm32cube.ide.mcu.externaltools.gnu-tools-for-stm32.12.3.rel1.win32_1.0.200.202406191623/tools/bin/../lib/gcc/arm-none-eabi/12.3.1/thumb/v6-m/nofp\libgcc.a
LOAD C:/ST/STM32CubeIDE_1.16.1/STM32CubeIDE/plugins/com.st.stm32cube.ide.mcu.externaltools.gnu-tools-for-stm32.12.3.rel1.win32_1.0.200.202406191623/tools/bin/../lib/gcc/arm-none-eabi/12.3.1/../../../../arm-none-eabi/lib/thumb/v6-m/nofp\libc_nano.a
LOAD C:/ST/STM32CubeIDE_1.16.1/STM32CubeIDE/plugins/com.st.stm32cube.ide.mcu.externaltools.gnu-tools-for-stm32.12.3.rel1.win32_1.0.200.202406191623/tools/bin/../lib/gcc/arm-none-eabi/12.3.1/../../../../arm-none-eabi/lib/thumb/v6-m/nofp\libnosys.a
END GROUP
START GROUP
LOAD C:/ST/STM32CubeIDE_1.16.1/STM32CubeIDE/plugins/com.st.stm32cube.ide.mcu.externaltools.gnu-tools-for-stm32.12.3.rel1.win32_1.0.200.202406191623/tools/bin/../lib/gcc/arm-none-eabi/12.3.1/thumb/v6-m/nofp\libgcc.a
LOAD C:/ST/STM32CubeIDE_1.16.1/STM32CubeIDE/plugins/com.st.stm32cube.ide.mcu.externaltools.gnu-tools-for-stm32.12.3.rel1.win32_1.0.200.202406191623/tools/bin/../lib/gcc/arm-none-eabi/12.3.1/../../../../arm-none-eabi/lib/thumb/v6-m/nofp\libc_nano.a
LOAD C:/ST/STM32CubeIDE_1.16.1/STM32CubeIDE/plugins/com.st.stm32cube.ide.mcu.externaltools.gnu-tools-for-stm32.12.3.rel1.win32_1.0.200.202406191623/tools/bin/../lib/gcc/arm-none-eabi/12.3.1/../../../../arm-none-eabi/lib/thumb/v6-m/nofp\libnosys.a
END GROUP
LOAD C:/ST/STM32CubeIDE_1.16.1/STM32CubeIDE/plugins/com.st.stm32cube.ide.mcu.externaltools.gnu-tools-for-stm32.12.3.rel1.win32_1.0.200.202406191623/tools/bin/../lib/gcc/arm-none-eabi/12.3.1/thumb/v6-m/nofp/crtend.o
LOAD C:/ST/STM32CubeIDE_1.16.1/STM32CubeIDE/plugins/com.st.stm32cube.ide.mcu.externaltools.gnu-tools-for-stm32.12.3.rel1.win32_1.0.200.202406191623/tools/bin/../lib/gcc/arm-none-eabi/12.3.1/thumb/v6-m/nofp/crtn.o
                0x20009000                        _estack = (ORIGIN (RAM) + LENGTH (RAM))
                0x00000200                        _Min_Heap_Size = 0x200
                0x00000400                        _Min_Stack_Size = 0x400

.isr_vector     0x08000000       0xbc
                0x08000000                        . = ALIGN (0x4)
 *(.isr_vector)
 .isr_vector    0x08000000       0xbc ./Core/Startup/startup_stm32g071rbtx.o
                0x08000000                g_pfnVectors
                0x080000bc                        . = ALIGN (0x4)

.text           0x080000bc     0x3dd0
                0x080000bc                        . = ALIGN (0x4)
 *(.text)
 .text          0x080000bc       0x48 C:/ST/STM32CubeIDE_1.16.1/STM32CubeIDE/plugins/com.st.stm32cube.ide.mcu.externaltools.gnu-tools-for-stm32.12.3.rel1.win32_1.0.200.202406191623/tools/bin/../lib/gcc/arm-none-eabi/12.3.1/thumb/v6-m/nofp/crtbegin.o
 .text          0x08000104      0x114 C:/ST/STM32CubeIDE_1.16.1/STM32CubeIDE/plugins/com.st.stm32cube.ide.mcu.externaltools.gnu-tools-for-stm32.12.3.rel1.win32_1.0.200.202406191623/tools/bin/../lib/gcc/arm-none-eabi/12.3.1/thumb/v6-m/nofp\libgcc.a(_udivsi3.o)
                0x08000104                __aeabi_uidiv
                0x08000104                __udivsi3
                0x08000210                __aeabi_uidivmod
 .text          0x08000218        0x4 C:/ST/STM32CubeIDE_1.16.1/STM32CubeIDE/plugins/com.st.stm32cube.ide.mcu.externaltools.gnu-tools-for-stm32.12.3.rel1.win32_1.0.200.202406191623/tools/bin/../lib/gcc/arm-none-eabi/12.3.1/thumb/v6-m/nofp\libgcc.a(_dvmd_tls.o)
                0x08000218                __aeabi_idiv0
                0x08000218                __aeabi_ldiv0
 *(.text*)
 .text.MX_GPIO_Init
                0x0800021c      0x1e4 ./Core/Src/gpio.o
                0x0800021c                MX_GPIO_Init
 .text.main     0x08000400       0x7c ./Core/Src/main.o
                0x08000400                main
 .text.SystemClock_Config
                0x0800047c       0xc2 ./Core/Src/main.o
                0x0800047c                SystemClock_Config
 .text.Error_Handler
                0x0800053e        0xc ./Core/Src/main.o
                0x0800053e                Error_Handler
 *fill*         0x0800054a        0x2 
 .text.MX_RTC_Init
                0x0800054c       0x5c ./Core/Src/rtc.o
                0x0800054c                MX_RTC_Init
 .text.HAL_RTC_MspInit
                0x080005a8       0x7c ./Core/Src/rtc.o
                0x080005a8                HAL_RTC_MspInit
 .text.HAL_MspInit
                0x08000624       0x48 ./Core/Src/stm32g0xx_hal_msp.o
                0x08000624                HAL_MspInit
 .text.NMI_Handler
                0x0800066c        0x8 ./Core/Src/stm32g0xx_it.o
                0x0800066c                NMI_Handler
 .text.HardFault_Handler
                0x08000674        0x8 ./Core/Src/stm32g0xx_it.o
                0x08000674                HardFault_Handler
 .text.SVC_Handler
                0x0800067c        0xa ./Core/Src/stm32g0xx_it.o
                0x0800067c                SVC_Handler
 .text.PendSV_Handler
                0x08000686        0xa ./Core/Src/stm32g0xx_it.o
                0x08000686                PendSV_Handler
 .text.SysTick_Handler
                0x08000690        0xe ./Core/Src/stm32g0xx_it.o
                0x08000690                SysTick_Handler
 .text.EXTI0_1_IRQHandler
                0x0800069e       0x16 ./Core/Src/stm32g0xx_it.o
                0x0800069e                EXTI0_1_IRQHandler
 .text.EXTI2_3_IRQHandler
                0x080006b4       0x16 ./Core/Src/stm32g0xx_it.o
                0x080006b4                EXTI2_3_IRQHandler
 .text.EXTI4_15_IRQHandler
                0x080006ca       0x4a ./Core/Src/stm32g0xx_it.o
                0x080006ca                EXTI4_15_IRQHandler
 .text.SystemInit
                0x08000714        0xa ./Core/Src/system_stm32g0xx.o
                0x08000714                SystemInit
 *fill*         0x0800071e        0x2 
 .text.MX_TIM1_Init
                0x08000720      0x208 ./Core/Src/tim.o
                0x08000720                MX_TIM1_Init
 .text.MX_TIM2_Init
                0x08000928      0x17c ./Core/Src/tim.o
                0x08000928                MX_TIM2_Init
 .text.MX_TIM3_Init
                0x08000aa4      0x130 ./Core/Src/tim.o
                0x08000aa4                MX_TIM3_Init
 .text.MX_TIM16_Init
                0x08000bd4      0x108 ./Core/Src/tim.o
                0x08000bd4                MX_TIM16_Init
 .text.HAL_TIM_Base_MspInit
                0x08000cdc      0x1cc ./Core/Src/tim.o
                0x08000cdc                HAL_TIM_Base_MspInit
 .text.HAL_TIM_MspPostInit
                0x08000ea8      0x114 ./Core/Src/tim.o
                0x08000ea8                HAL_TIM_MspPostInit
 .text.adjust_PWM
                0x08000fbc       0x68 ./Core/Src/tim.o
                0x08000fbc                adjust_PWM
 .text.set_PWM  0x08001024       0x48 ./Core/Src/tim.o
                0x08001024                set_PWM
 .text.Reset_Handler
                0x0800106c       0x50 ./Core/Startup/startup_stm32g071rbtx.o
                0x0800106c                Reset_Handler
 .text.Default_Handler
                0x080010bc        0x2 ./Core/Startup/startup_stm32g071rbtx.o
                0x080010bc                USART3_4_LPUART1_IRQHandler
                0x080010bc                TIM1_CC_IRQHandler
                0x080010bc                ADC1_COMP_IRQHandler
                0x080010bc                PVD_IRQHandler
                0x080010bc                I2C1_IRQHandler
                0x080010bc                TIM7_LPTIM2_IRQHandler
                0x080010bc                RTC_TAMP_IRQHandler
                0x080010bc                SPI1_IRQHandler
                0x080010bc                I2C2_IRQHandler
                0x080010bc                TIM17_IRQHandler
                0x080010bc                TIM16_IRQHandler
                0x080010bc                TIM3_IRQHandler
                0x080010bc                RCC_IRQHandler
                0x080010bc                DMA1_Channel1_IRQHandler
                0x080010bc                Default_Handler
                0x080010bc                CEC_IRQHandler
                0x080010bc                TIM14_IRQHandler
                0x080010bc                TIM15_IRQHandler
                0x080010bc                SPI2_IRQHandler
                0x080010bc                TIM6_DAC_LPTIM1_IRQHandler
                0x080010bc                WWDG_IRQHandler
                0x080010bc                TIM2_IRQHandler
                0x080010bc                DMA1_Ch4_7_DMAMUX1_OVR_IRQHandler
                0x080010bc                DMA1_Channel2_3_IRQHandler
                0x080010bc                UCPD1_2_IRQHandler
                0x080010bc                USART2_IRQHandler
                0x080010bc                FLASH_IRQHandler
                0x080010bc                USART1_IRQHandler
                0x080010bc                TIM1_BRK_UP_TRG_COM_IRQHandler
 *fill*         0x080010be        0x2 
 .text.HAL_Init
                0x080010c0       0x40 ./Drivers/STM32G0xx_HAL_Driver/Src/stm32g0xx_hal.o
                0x080010c0                HAL_Init
 .text.HAL_InitTick
                0x08001100       0x94 ./Drivers/STM32G0xx_HAL_Driver/Src/stm32g0xx_hal.o
                0x08001100                HAL_InitTick
 .text.HAL_IncTick
                0x08001194       0x24 ./Drivers/STM32G0xx_HAL_Driver/Src/stm32g0xx_hal.o
                0x08001194                HAL_IncTick
 .text.HAL_GetTick
                0x080011b8       0x14 ./Drivers/STM32G0xx_HAL_Driver/Src/stm32g0xx_hal.o
                0x080011b8                HAL_GetTick
 .text.HAL_Delay
                0x080011cc       0x48 ./Drivers/STM32G0xx_HAL_Driver/Src/stm32g0xx_hal.o
                0x080011cc                HAL_Delay
 .text.__NVIC_EnableIRQ
                0x08001214       0x34 ./Drivers/STM32G0xx_HAL_Driver/Src/stm32g0xx_hal_cortex.o
 .text.__NVIC_SetPriority
                0x08001248       0xdc ./Drivers/STM32G0xx_HAL_Driver/Src/stm32g0xx_hal_cortex.o
 .text.SysTick_Config
                0x08001324       0x48 ./Drivers/STM32G0xx_HAL_Driver/Src/stm32g0xx_hal_cortex.o
 .text.HAL_NVIC_SetPriority
                0x0800136c       0x2a ./Drivers/STM32G0xx_HAL_Driver/Src/stm32g0xx_hal_cortex.o
                0x0800136c                HAL_NVIC_SetPriority
 .text.HAL_NVIC_EnableIRQ
                0x08001396       0x20 ./Drivers/STM32G0xx_HAL_Driver/Src/stm32g0xx_hal_cortex.o
                0x08001396                HAL_NVIC_EnableIRQ
 .text.HAL_SYSTICK_Config
                0x080013b6       0x1a ./Drivers/STM32G0xx_HAL_Driver/Src/stm32g0xx_hal_cortex.o
                0x080013b6                HAL_SYSTICK_Config
 .text.HAL_GPIO_Init
                0x080013d0      0x2c8 ./Drivers/STM32G0xx_HAL_Driver/Src/stm32g0xx_hal_gpio.o
                0x080013d0                HAL_GPIO_Init
 .text.HAL_GPIO_WritePin
                0x08001698       0x3a ./Drivers/STM32G0xx_HAL_Driver/Src/stm32g0xx_hal_gpio.o
                0x08001698                HAL_GPIO_WritePin
 *fill*         0x080016d2        0x2 
 .text.HAL_GPIO_EXTI_IRQHandler
                0x080016d4       0x54 ./Drivers/STM32G0xx_HAL_Driver/Src/stm32g0xx_hal_gpio.o
                0x080016d4                HAL_GPIO_EXTI_IRQHandler
 .text.HAL_GPIO_EXTI_Rising_Callback
                0x08001728       0x14 ./Drivers/STM32G0xx_HAL_Driver/Src/stm32g0xx_hal_gpio.o
                0x08001728                HAL_GPIO_EXTI_Rising_Callback
 .text.HAL_GPIO_EXTI_Falling_Callback
                0x0800173c       0x14 ./Drivers/STM32G0xx_HAL_Driver/Src/stm32g0xx_hal_gpio.o
                0x0800173c                HAL_GPIO_EXTI_Falling_Callback
 .text.HAL_PWREx_ControlVoltageScaling
                0x08001750       0x80 ./Drivers/STM32G0xx_HAL_Driver/Src/stm32g0xx_hal_pwr_ex.o
                0x08001750                HAL_PWREx_ControlVoltageScaling
 .text.HAL_RCC_OscConfig
                0x080017d0      0x634 ./Drivers/STM32G0xx_HAL_Driver/Src/stm32g0xx_hal_rcc.o
                0x080017d0                HAL_RCC_OscConfig
 .text.HAL_RCC_ClockConfig
                0x08001e04      0x210 ./Drivers/STM32G0xx_HAL_Driver/Src/stm32g0xx_hal_rcc.o
                0x08001e04                HAL_RCC_ClockConfig
 .text.HAL_RCC_GetSysClockFreq
                0x08002014      0x104 ./Drivers/STM32G0xx_HAL_Driver/Src/stm32g0xx_hal_rcc.o
                0x08002014                HAL_RCC_GetSysClockFreq
 .text.HAL_RCCEx_PeriphCLKConfig
                0x08002118      0x370 ./Drivers/STM32G0xx_HAL_Driver/Src/stm32g0xx_hal_rcc_ex.o
                0x08002118                HAL_RCCEx_PeriphCLKConfig
 .text.HAL_RTC_Init
                0x08002488      0x144 ./Drivers/STM32G0xx_HAL_Driver/Src/stm32g0xx_hal_rtc.o
                0x08002488                HAL_RTC_Init
 .text.HAL_RTC_WaitForSynchro
                0x080025cc       0x4c ./Drivers/STM32G0xx_HAL_Driver/Src/stm32g0xx_hal_rtc.o
                0x080025cc                HAL_RTC_WaitForSynchro
 .text.RTC_EnterInitMode
                0x08002618       0x84 ./Drivers/STM32G0xx_HAL_Driver/Src/stm32g0xx_hal_rtc.o
                0x08002618                RTC_EnterInitMode
 .text.RTC_ExitInitMode
                0x0800269c       0x88 ./Drivers/STM32G0xx_HAL_Driver/Src/stm32g0xx_hal_rtc.o
                0x0800269c                RTC_ExitInitMode
 .text.HAL_TIM_Base_Init
                0x08002724       0xb0 ./Drivers/STM32G0xx_HAL_Driver/Src/stm32g0xx_hal_tim.o
                0x08002724                HAL_TIM_Base_Init
 .text.HAL_TIM_OC_Init
                0x080027d4       0xb0 ./Drivers/STM32G0xx_HAL_Driver/Src/stm32g0xx_hal_tim.o
                0x080027d4                HAL_TIM_OC_Init
 .text.HAL_TIM_OC_MspInit
                0x08002884       0x10 ./Drivers/STM32G0xx_HAL_Driver/Src/stm32g0xx_hal_tim.o
                0x08002884                HAL_TIM_OC_MspInit
 .text.HAL_TIM_PWM_Init
                0x08002894       0xb0 ./Drivers/STM32G0xx_HAL_Driver/Src/stm32g0xx_hal_tim.o
                0x08002894                HAL_TIM_PWM_Init
 .text.HAL_TIM_PWM_MspInit
                0x08002944       0x10 ./Drivers/STM32G0xx_HAL_Driver/Src/stm32g0xx_hal_tim.o
                0x08002944                HAL_TIM_PWM_MspInit
 .text.HAL_TIM_PWM_Start
                0x08002954      0x1d4 ./Drivers/STM32G0xx_HAL_Driver/Src/stm32g0xx_hal_tim.o
                0x08002954                HAL_TIM_PWM_Start
 .text.HAL_TIM_IC_Init
                0x08002b28       0xb0 ./Drivers/STM32G0xx_HAL_Driver/Src/stm32g0xx_hal_tim.o
                0x08002b28                HAL_TIM_IC_Init
 .text.HAL_TIM_IC_MspInit
                0x08002bd8       0x10 ./Drivers/STM32G0xx_HAL_Driver/Src/stm32g0xx_hal_tim.o
                0x08002bd8                HAL_TIM_IC_MspInit
 .text.HAL_TIM_OC_ConfigChannel
                0x08002be8       0xc0 ./Drivers/STM32G0xx_HAL_Driver/Src/stm32g0xx_hal_tim.o
                0x08002be8                HAL_TIM_OC_ConfigChannel
 .text.HAL_TIM_IC_ConfigChannel
                0x08002ca8      0x148 ./Drivers/STM32G0xx_HAL_Driver/Src/stm32g0xx_hal_tim.o
                0x08002ca8                HAL_TIM_IC_ConfigChannel
 .text.HAL_TIM_PWM_ConfigChannel
                0x08002df0      0x200 ./Drivers/STM32G0xx_HAL_Driver/Src/stm32g0xx_hal_tim.o
                0x08002df0                HAL_TIM_PWM_ConfigChannel
 .text.HAL_TIM_ConfigClockSource
                0x08002ff0      0x1ac ./Drivers/STM32G0xx_HAL_Driver/Src/stm32g0xx_hal_tim.o
                0x08002ff0                HAL_TIM_ConfigClockSource
 .text.TIM_Base_SetConfig
                0x0800319c      0x11c ./Drivers/STM32G0xx_HAL_Driver/Src/stm32g0xx_hal_tim.o
                0x0800319c                TIM_Base_SetConfig
 .text.TIM_OC1_SetConfig
                0x080032b8      0x114 ./Drivers/STM32G0xx_HAL_Driver/Src/stm32g0xx_hal_tim.o
 .text.TIM_OC2_SetConfig
                0x080033cc      0x108 ./Drivers/STM32G0xx_HAL_Driver/Src/stm32g0xx_hal_tim.o
                0x080033cc                TIM_OC2_SetConfig
 .text.TIM_OC3_SetConfig
                0x080034d4      0x110 ./Drivers/STM32G0xx_HAL_Driver/Src/stm32g0xx_hal_tim.o
 .text.TIM_OC4_SetConfig
                0x080035e4       0xd4 ./Drivers/STM32G0xx_HAL_Driver/Src/stm32g0xx_hal_tim.o
 .text.TIM_OC5_SetConfig
                0x080036b8       0xc0 ./Drivers/STM32G0xx_HAL_Driver/Src/stm32g0xx_hal_tim.o
 .text.TIM_OC6_SetConfig
                0x08003778       0xc8 ./Drivers/STM32G0xx_HAL_Driver/Src/stm32g0xx_hal_tim.o
 .text.TIM_TI1_SetConfig
                0x08003840       0xb8 ./Drivers/STM32G0xx_HAL_Driver/Src/stm32g0xx_hal_tim.o
                0x08003840                TIM_TI1_SetConfig
 .text.TIM_TI1_ConfigInputStage
                0x080038f8       0x5c ./Drivers/STM32G0xx_HAL_Driver/Src/stm32g0xx_hal_tim.o
 .text.TIM_TI2_SetConfig
                0x08003954       0x84 ./Drivers/STM32G0xx_HAL_Driver/Src/stm32g0xx_hal_tim.o
 .text.TIM_TI2_ConfigInputStage
                0x080039d8       0x64 ./Drivers/STM32G0xx_HAL_Driver/Src/stm32g0xx_hal_tim.o
 .text.TIM_TI3_SetConfig
                0x08003a3c       0x80 ./Drivers/STM32G0xx_HAL_Driver/Src/stm32g0xx_hal_tim.o
 .text.TIM_TI4_SetConfig
                0x08003abc       0x8c ./Drivers/STM32G0xx_HAL_Driver/Src/stm32g0xx_hal_tim.o
 .text.TIM_ITRx_SetConfig
                0x08003b48       0x38 ./Drivers/STM32G0xx_HAL_Driver/Src/stm32g0xx_hal_tim.o
 .text.TIM_ETR_SetConfig
                0x08003b80       0x40 ./Drivers/STM32G0xx_HAL_Driver/Src/stm32g0xx_hal_tim.o
                0x08003b80                TIM_ETR_SetConfig
 .text.TIM_CCxChannelCmd
                0x08003bc0       0x46 ./Drivers/STM32G0xx_HAL_Driver/Src/stm32g0xx_hal_tim.o
                0x08003bc0                TIM_CCxChannelCmd
 *fill*         0x08003c06        0x2 
 .text.HAL_TIMEx_MasterConfigSynchronization
                0x08003c08       0xdc ./Drivers/STM32G0xx_HAL_Driver/Src/stm32g0xx_hal_tim_ex.o
                0x08003c08                HAL_TIMEx_MasterConfigSynchronization
 .text.HAL_TIMEx_ConfigBreakDeadTime
                0x08003ce4      0x138 ./Drivers/STM32G0xx_HAL_Driver/Src/stm32g0xx_hal_tim_ex.o
                0x08003ce4                HAL_TIMEx_ConfigBreakDeadTime
 .text.memset   0x08003e1c       0x10 C:/ST/STM32CubeIDE_1.16.1/STM32CubeIDE/plugins/com.st.stm32cube.ide.mcu.externaltools.gnu-tools-for-stm32.12.3.rel1.win32_1.0.200.202406191623/tools/bin/../lib/gcc/arm-none-eabi/12.3.1/../../../../arm-none-eabi/lib/thumb/v6-m/nofp\libc_nano.a(libc_a-memset.o)
                0x08003e1c                memset
 .text.__libc_init_array
                0x08003e2c       0x48 C:/ST/STM32CubeIDE_1.16.1/STM32CubeIDE/plugins/com.st.stm32cube.ide.mcu.externaltools.gnu-tools-for-stm32.12.3.rel1.win32_1.0.200.202406191623/tools/bin/../lib/gcc/arm-none-eabi/12.3.1/../../../../arm-none-eabi/lib/thumb/v6-m/nofp\libc_nano.a(libc_a-init.o)
                0x08003e2c                __libc_init_array
 *(.glue_7)
 .glue_7        0x08003e74        0x0 linker stubs
 *(.glue_7t)
 .glue_7t       0x08003e74        0x0 linker stubs
 *(.eh_frame)
 .eh_frame      0x08003e74        0x0 C:/ST/STM32CubeIDE_1.16.1/STM32CubeIDE/plugins/com.st.stm32cube.ide.mcu.externaltools.gnu-tools-for-stm32.12.3.rel1.win32_1.0.200.202406191623/tools/bin/../lib/gcc/arm-none-eabi/12.3.1/thumb/v6-m/nofp/crtbegin.o
 *(.init)
 .init          0x08003e74        0x4 C:/ST/STM32CubeIDE_1.16.1/STM32CubeIDE/plugins/com.st.stm32cube.ide.mcu.externaltools.gnu-tools-for-stm32.12.3.rel1.win32_1.0.200.202406191623/tools/bin/../lib/gcc/arm-none-eabi/12.3.1/thumb/v6-m/nofp/crti.o
                0x08003e74                _init
 .init          0x08003e78        0x8 C:/ST/STM32CubeIDE_1.16.1/STM32CubeIDE/plugins/com.st.stm32cube.ide.mcu.externaltools.gnu-tools-for-stm32.12.3.rel1.win32_1.0.200.202406191623/tools/bin/../lib/gcc/arm-none-eabi/12.3.1/thumb/v6-m/nofp/crtn.o
 *(.fini)
 .fini          0x08003e80        0x4 C:/ST/STM32CubeIDE_1.16.1/STM32CubeIDE/plugins/com.st.stm32cube.ide.mcu.externaltools.gnu-tools-for-stm32.12.3.rel1.win32_1.0.200.202406191623/tools/bin/../lib/gcc/arm-none-eabi/12.3.1/thumb/v6-m/nofp/crti.o
                0x08003e80                _fini
 .fini          0x08003e84        0x8 C:/ST/STM32CubeIDE_1.16.1/STM32CubeIDE/plugins/com.st.stm32cube.ide.mcu.externaltools.gnu-tools-for-stm32.12.3.rel1.win32_1.0.200.202406191623/tools/bin/../lib/gcc/arm-none-eabi/12.3.1/thumb/v6-m/nofp/crtn.o
                0x08003e8c                        . = ALIGN (0x4)
                0x08003e8c                        _etext = .

.vfp11_veneer   0x08003e8c        0x0
 .vfp11_veneer  0x08003e8c        0x0 linker stubs

.v4_bx          0x08003e8c        0x0
 .v4_bx         0x08003e8c        0x0 linker stubs

.iplt           0x08003e8c        0x0
 .iplt          0x08003e8c        0x0 C:/ST/STM32CubeIDE_1.16.1/STM32CubeIDE/plugins/com.st.stm32cube.ide.mcu.externaltools.gnu-tools-for-stm32.12.3.rel1.win32_1.0.200.202406191623/tools/bin/../lib/gcc/arm-none-eabi/12.3.1/thumb/v6-m/nofp/crtbegin.o

.rodata         0x08003e8c       0xe8
                0x08003e8c                        . = ALIGN (0x4)
 *(.rodata)
 *(.rodata*)
 .rodata.AHBPrescTable
                0x08003e8c       0x40 ./Core/Src/system_stm32g0xx.o
                0x08003e8c                AHBPrescTable
 .rodata.HAL_TIM_OC_ConfigChannel
                0x08003ecc       0x54 ./Drivers/STM32G0xx_HAL_Driver/Src/stm32g0xx_hal_tim.o
 .rodata.HAL_TIM_PWM_ConfigChannel
                0x08003f20       0x54 ./Drivers/STM32G0xx_HAL_Driver/Src/stm32g0xx_hal_tim.o
                0x08003f74                        . = ALIGN (0x4)

.ARM.extab      0x08003f74        0x0
                0x08003f74                        . = ALIGN (0x4)
 *(.ARM.extab* .gnu.linkonce.armextab.*)
                0x08003f74                        . = ALIGN (0x4)

.ARM            0x08003f74        0x0
                0x08003f74                        . = ALIGN (0x4)
                0x08003f74                        __exidx_start = .
 *(.ARM.exidx*)
                0x08003f74                        __exidx_end = .
                0x08003f74                        . = ALIGN (0x4)

.preinit_array  0x08003f74        0x0
                0x08003f74                        . = ALIGN (0x4)
                0x08003f74                        PROVIDE (__preinit_array_start = .)
 *(.preinit_array*)
                0x08003f74                        PROVIDE (__preinit_array_end = .)
                0x08003f74                        . = ALIGN (0x4)

.init_array     0x08003f74        0x4
                0x08003f74                        . = ALIGN (0x4)
                0x08003f74                        PROVIDE (__init_array_start = .)
 *(SORT_BY_NAME(.init_array.*))
 *(.init_array*)
 .init_array    0x08003f74        0x4 C:/ST/STM32CubeIDE_1.16.1/STM32CubeIDE/plugins/com.st.stm32cube.ide.mcu.externaltools.gnu-tools-for-stm32.12.3.rel1.win32_1.0.200.202406191623/tools/bin/../lib/gcc/arm-none-eabi/12.3.1/thumb/v6-m/nofp/crtbegin.o
                0x08003f78                        PROVIDE (__init_array_end = .)
                0x08003f78                        . = ALIGN (0x4)

.fini_array     0x08003f78        0x4
                0x08003f78                        . = ALIGN (0x4)
                [!provide]                        PROVIDE (__fini_array_start = .)
 *(SORT_BY_NAME(.fini_array.*))
 *(.fini_array*)
 .fini_array    0x08003f78        0x4 C:/ST/STM32CubeIDE_1.16.1/STM32CubeIDE/plugins/com.st.stm32cube.ide.mcu.externaltools.gnu-tools-for-stm32.12.3.rel1.win32_1.0.200.202406191623/tools/bin/../lib/gcc/arm-none-eabi/12.3.1/thumb/v6-m/nofp/crtbegin.o
                [!provide]                        PROVIDE (__fini_array_end = .)
                0x08003f7c                        . = ALIGN (0x4)
                0x08003f7c                        _sidata = LOADADDR (.data)

.rel.dyn        0x08003f7c        0x0
 .rel.iplt      0x08003f7c        0x0 C:/ST/STM32CubeIDE_1.16.1/STM32CubeIDE/plugins/com.st.stm32cube.ide.mcu.externaltools.gnu-tools-for-stm32.12.3.rel1.win32_1.0.200.202406191623/tools/bin/../lib/gcc/arm-none-eabi/12.3.1/thumb/v6-m/nofp/crtbegin.o

.data           0x20000000       0x24 load address 0x08003f7c
                0x20000000                        . = ALIGN (0x4)
                0x20000000                        _sdata = .
 *(.data)
 *(.data*)
 .data.SystemCoreClock
                0x20000000        0x4 ./Core/Src/system_stm32g0xx.o
                0x20000000                SystemCoreClock
 .data.MC_PWM_OUT_0_PW
                0x20000004        0x4 ./Core/Src/tim.o
                0x20000004                MC_PWM_OUT_0_PW
 .data.MC_PWM_OUT_1_PW
                0x20000008        0x4 ./Core/Src/tim.o
                0x20000008                MC_PWM_OUT_1_PW
 .data.MC_PWM_OUT_2_PW
                0x2000000c        0x4 ./Core/Src/tim.o
                0x2000000c                MC_PWM_OUT_2_PW
 .data.MC_PWM_OUT_3_PW
                0x20000010        0x4 ./Core/Src/tim.o
                0x20000010                MC_PWM_OUT_3_PW
 .data.MC_PWM_OUT_4_PW
                0x20000014        0x4 ./Core/Src/tim.o
                0x20000014                MC_PWM_OUT_4_PW
 .data.MC_PWM_OUT_5_PW
                0x20000018        0x4 ./Core/Src/tim.o
                0x20000018                MC_PWM_OUT_5_PW
 .data.uwTickPrio
                0x2000001c        0x4 ./Drivers/STM32G0xx_HAL_Driver/Src/stm32g0xx_hal.o
                0x2000001c                uwTickPrio
 .data.uwTickFreq
                0x20000020        0x1 ./Drivers/STM32G0xx_HAL_Driver/Src/stm32g0xx_hal.o
                0x20000020                uwTickFreq
 *(.RamFunc)
 *(.RamFunc*)
                0x20000024                        . = ALIGN (0x4)
 *fill*         0x20000021        0x3 
                0x20000024                        _edata = .

.igot.plt       0x20000024        0x0 load address 0x08003fa0
 .igot.plt      0x20000024        0x0 C:/ST/STM32CubeIDE_1.16.1/STM32CubeIDE/plugins/com.st.stm32cube.ide.mcu.externaltools.gnu-tools-for-stm32.12.3.rel1.win32_1.0.200.202406191623/tools/bin/../lib/gcc/arm-none-eabi/12.3.1/thumb/v6-m/nofp/crtbegin.o
                0x20000024                        . = ALIGN (0x4)

.bss            0x20000024      0x17c load address 0x08003fa0
                0x20000024                        _sbss = .
                0x20000024                        __bss_start__ = _sbss
 *(.bss)
 .bss           0x20000024       0x1c C:/ST/STM32CubeIDE_1.16.1/STM32CubeIDE/plugins/com.st.stm32cube.ide.mcu.externaltools.gnu-tools-for-stm32.12.3.rel1.win32_1.0.200.202406191623/tools/bin/../lib/gcc/arm-none-eabi/12.3.1/thumb/v6-m/nofp/crtbegin.o
 *(.bss*)
 .bss.hrtc      0x20000040       0x2c ./Core/Src/rtc.o
                0x20000040                hrtc
 .bss.htim1     0x2000006c       0x4c ./Core/Src/tim.o
                0x2000006c                htim1
 .bss.htim2     0x200000b8       0x4c ./Core/Src/tim.o
                0x200000b8                htim2
 .bss.htim3     0x20000104       0x4c ./Core/Src/tim.o
                0x20000104                htim3
 .bss.htim16    0x20000150       0x4c ./Core/Src/tim.o
                0x20000150                htim16
 .bss.uwTick    0x2000019c        0x4 ./Drivers/STM32G0xx_HAL_Driver/Src/stm32g0xx_hal.o
                0x2000019c                uwTick
 *(COMMON)
                0x200001a0                        . = ALIGN (0x4)
                0x200001a0                        _ebss = .
                0x200001a0                        __bss_end__ = _ebss

._user_heap_stack
                0x200001a0      0x600 load address 0x08003fa0
                0x200001a0                        . = ALIGN (0x8)
                [!provide]                        PROVIDE (end = .)
                0x200001a0                        PROVIDE (_end = .)
                0x200003a0                        . = (. + _Min_Heap_Size)
 *fill*         0x200001a0      0x200 
                0x200007a0                        . = (. + _Min_Stack_Size)
 *fill*         0x200003a0      0x400 
                0x200007a0                        . = ALIGN (0x8)

/DISCARD/
 libc.a(*)
 libm.a(*)
 libgcc.a(*)

.ARM.attributes
                0x00000000       0x28
 *(.ARM.attributes)
 .ARM.attributes
                0x00000000       0x1e C:/ST/STM32CubeIDE_1.16.1/STM32CubeIDE/plugins/com.st.stm32cube.ide.mcu.externaltools.gnu-tools-for-stm32.12.3.rel1.win32_1.0.200.202406191623/tools/bin/../lib/gcc/arm-none-eabi/12.3.1/thumb/v6-m/nofp/crti.o
 .ARM.attributes
                0x0000001e       0x2c C:/ST/STM32CubeIDE_1.16.1/STM32CubeIDE/plugins/com.st.stm32cube.ide.mcu.externaltools.gnu-tools-for-stm32.12.3.rel1.win32_1.0.200.202406191623/tools/bin/../lib/gcc/arm-none-eabi/12.3.1/thumb/v6-m/nofp/crtbegin.o
 .ARM.attributes
                0x0000004a       0x2c ./Core/Src/gpio.o
 .ARM.attributes
                0x00000076       0x2c ./Core/Src/main.o
 .ARM.attributes
                0x000000a2       0x2c ./Core/Src/rtc.o
 .ARM.attributes
                0x000000ce       0x2c ./Core/Src/stm32g0xx_hal_msp.o
 .ARM.attributes
                0x000000fa       0x2c ./Core/Src/stm32g0xx_it.o
 .ARM.attributes
                0x00000126       0x2c ./Core/Src/system_stm32g0xx.o
 .ARM.attributes
                0x00000152       0x2c ./Core/Src/tim.o
 .ARM.attributes
                0x0000017e       0x22 ./Core/Startup/startup_stm32g071rbtx.o
 .ARM.attributes
                0x000001a0       0x2c ./Drivers/STM32G0xx_HAL_Driver/Src/stm32g0xx_hal.o
 .ARM.attributes
                0x000001cc       0x2c ./Drivers/STM32G0xx_HAL_Driver/Src/stm32g0xx_hal_cortex.o
 .ARM.attributes
                0x000001f8       0x2c ./Drivers/STM32G0xx_HAL_Driver/Src/stm32g0xx_hal_gpio.o
 .ARM.attributes
                0x00000224       0x2c ./Drivers/STM32G0xx_HAL_Driver/Src/stm32g0xx_hal_pwr_ex.o
 .ARM.attributes
                0x00000250       0x2c ./Drivers/STM32G0xx_HAL_Driver/Src/stm32g0xx_hal_rcc.o
 .ARM.attributes
                0x0000027c       0x2c ./Drivers/STM32G0xx_HAL_Driver/Src/stm32g0xx_hal_rcc_ex.o
 .ARM.attributes
                0x000002a8       0x2c ./Drivers/STM32G0xx_HAL_Driver/Src/stm32g0xx_hal_rtc.o
 .ARM.attributes
                0x000002d4       0x2c ./Drivers/STM32G0xx_HAL_Driver/Src/stm32g0xx_hal_tim.o
 .ARM.attributes
                0x00000300       0x2c ./Drivers/STM32G0xx_HAL_Driver/Src/stm32g0xx_hal_tim_ex.o
 .ARM.attributes
                0x0000032c       0x2c C:/ST/STM32CubeIDE_1.16.1/STM32CubeIDE/plugins/com.st.stm32cube.ide.mcu.externaltools.gnu-tools-for-stm32.12.3.rel1.win32_1.0.200.202406191623/tools/bin/../lib/gcc/arm-none-eabi/12.3.1/../../../../arm-none-eabi/lib/thumb/v6-m/nofp\libc_nano.a(libc_a-memset.o)
 .ARM.attributes
                0x00000358       0x2c C:/ST/STM32CubeIDE_1.16.1/STM32CubeIDE/plugins/com.st.stm32cube.ide.mcu.externaltools.gnu-tools-for-stm32.12.3.rel1.win32_1.0.200.202406191623/tools/bin/../lib/gcc/arm-none-eabi/12.3.1/../../../../arm-none-eabi/lib/thumb/v6-m/nofp\libc_nano.a(libc_a-init.o)
 .ARM.attributes
                0x00000384       0x1e C:/ST/STM32CubeIDE_1.16.1/STM32CubeIDE/plugins/com.st.stm32cube.ide.mcu.externaltools.gnu-tools-for-stm32.12.3.rel1.win32_1.0.200.202406191623/tools/bin/../lib/gcc/arm-none-eabi/12.3.1/thumb/v6-m/nofp\libgcc.a(_udivsi3.o)
 .ARM.attributes
                0x000003a2       0x1e C:/ST/STM32CubeIDE_1.16.1/STM32CubeIDE/plugins/com.st.stm32cube.ide.mcu.externaltools.gnu-tools-for-stm32.12.3.rel1.win32_1.0.200.202406191623/tools/bin/../lib/gcc/arm-none-eabi/12.3.1/thumb/v6-m/nofp\libgcc.a(_dvmd_tls.o)
 .ARM.attributes
                0x000003c0       0x1e C:/ST/STM32CubeIDE_1.16.1/STM32CubeIDE/plugins/com.st.stm32cube.ide.mcu.externaltools.gnu-tools-for-stm32.12.3.rel1.win32_1.0.200.202406191623/tools/bin/../lib/gcc/arm-none-eabi/12.3.1/thumb/v6-m/nofp/crtn.o
OUTPUT(Fan_control_12units.elf elf32-littlearm)
LOAD linker stubs
LOAD C:/ST/STM32CubeIDE_1.16.1/STM32CubeIDE/plugins/com.st.stm32cube.ide.mcu.externaltools.gnu-tools-for-stm32.12.3.rel1.win32_1.0.200.202406191623/tools/bin/../lib/gcc/arm-none-eabi/12.3.1/../../../../arm-none-eabi/lib/thumb/v6-m/nofp\libc.a
LOAD C:/ST/STM32CubeIDE_1.16.1/STM32CubeIDE/plugins/com.st.stm32cube.ide.mcu.externaltools.gnu-tools-for-stm32.12.3.rel1.win32_1.0.200.202406191623/tools/bin/../lib/gcc/arm-none-eabi/12.3.1/../../../../arm-none-eabi/lib/thumb/v6-m/nofp\libm.a
LOAD C:/ST/STM32CubeIDE_1.16.1/STM32CubeIDE/plugins/com.st.stm32cube.ide.mcu.externaltools.gnu-tools-for-stm32.12.3.rel1.win32_1.0.200.202406191623/tools/bin/../lib/gcc/arm-none-eabi/12.3.1/thumb/v6-m/nofp\libgcc.a

.debug_info     0x00000000     0xb67e
 .debug_info    0x00000000      0x54a ./Core/Src/gpio.o
 .debug_info    0x0000054a      0xa8f ./Core/Src/main.o
 .debug_info    0x00000fd9      0x657 ./Core/Src/rtc.o
 .debug_info    0x00001630      0x265 ./Core/Src/stm32g0xx_hal_msp.o
 .debug_info    0x00001895      0x170 ./Core/Src/stm32g0xx_it.o
 .debug_info    0x00001a05      0x316 ./Core/Src/system_stm32g0xx.o
 .debug_info    0x00001d1b     0x14f4 ./Core/Src/tim.o
 .debug_info    0x0000320f       0x30 ./Core/Startup/startup_stm32g071rbtx.o
 .debug_info    0x0000323f      0xa34 ./Drivers/STM32G0xx_HAL_Driver/Src/stm32g0xx_hal.o
 .debug_info    0x00003c73      0x8d9 ./Drivers/STM32G0xx_HAL_Driver/Src/stm32g0xx_hal_cortex.o
 .debug_info    0x0000454c      0x5b9 ./Drivers/STM32G0xx_HAL_Driver/Src/stm32g0xx_hal_gpio.o
 .debug_info    0x00004b05      0x7c1 ./Drivers/STM32G0xx_HAL_Driver/Src/stm32g0xx_hal_pwr_ex.o
 .debug_info    0x000052c6      0xb1b ./Drivers/STM32G0xx_HAL_Driver/Src/stm32g0xx_hal_rcc.o
 .debug_info    0x00005de1      0x77f ./Drivers/STM32G0xx_HAL_Driver/Src/stm32g0xx_hal_rcc_ex.o
 .debug_info    0x00006560      0xc7b ./Drivers/STM32G0xx_HAL_Driver/Src/stm32g0xx_hal_rtc.o
 .debug_info    0x000071db     0x2bc9 ./Drivers/STM32G0xx_HAL_Driver/Src/stm32g0xx_hal_tim.o
 .debug_info    0x00009da4     0x18da ./Drivers/STM32G0xx_HAL_Driver/Src/stm32g0xx_hal_tim_ex.o

.debug_abbrev   0x00000000     0x2054
 .debug_abbrev  0x00000000      0x17a ./Core/Src/gpio.o
 .debug_abbrev  0x0000017a      0x25c ./Core/Src/main.o
 .debug_abbrev  0x000003d6      0x1bc ./Core/Src/rtc.o
 .debug_abbrev  0x00000592       0xdd ./Core/Src/stm32g0xx_hal_msp.o
 .debug_abbrev  0x0000066f       0xca ./Core/Src/stm32g0xx_it.o
 .debug_abbrev  0x00000739      0x119 ./Core/Src/system_stm32g0xx.o
 .debug_abbrev  0x00000852      0x268 ./Core/Src/tim.o
 .debug_abbrev  0x00000aba       0x24 ./Core/Startup/startup_stm32g071rbtx.o
 .debug_abbrev  0x00000ade      0x2b2 ./Drivers/STM32G0xx_HAL_Driver/Src/stm32g0xx_hal.o
 .debug_abbrev  0x00000d90      0x2ab ./Drivers/STM32G0xx_HAL_Driver/Src/stm32g0xx_hal_cortex.o
 .debug_abbrev  0x0000103b      0x1c8 ./Drivers/STM32G0xx_HAL_Driver/Src/stm32g0xx_hal_gpio.o
 .debug_abbrev  0x00001203      0x238 ./Drivers/STM32G0xx_HAL_Driver/Src/stm32g0xx_hal_pwr_ex.o
 .debug_abbrev  0x0000143b      0x2aa ./Drivers/STM32G0xx_HAL_Driver/Src/stm32g0xx_hal_rcc.o
 .debug_abbrev  0x000016e5      0x229 ./Drivers/STM32G0xx_HAL_Driver/Src/stm32g0xx_hal_rcc_ex.o
 .debug_abbrev  0x0000190e      0x206 ./Drivers/STM32G0xx_HAL_Driver/Src/stm32g0xx_hal_rtc.o
 .debug_abbrev  0x00001b14      0x298 ./Drivers/STM32G0xx_HAL_Driver/Src/stm32g0xx_hal_tim.o
 .debug_abbrev  0x00001dac      0x2a8 ./Drivers/STM32G0xx_HAL_Driver/Src/stm32g0xx_hal_tim_ex.o

.debug_aranges  0x00000000      0xc50
 .debug_aranges
                0x00000000       0x20 ./Core/Src/gpio.o
 .debug_aranges
                0x00000020       0x38 ./Core/Src/main.o
 .debug_aranges
                0x00000058       0x30 ./Core/Src/rtc.o
 .debug_aranges
                0x00000088       0x20 ./Core/Src/stm32g0xx_hal_msp.o
 .debug_aranges
                0x000000a8       0x58 ./Core/Src/stm32g0xx_it.o
 .debug_aranges
                0x00000100       0x28 ./Core/Src/system_stm32g0xx.o
 .debug_aranges
                0x00000128       0x68 ./Core/Src/tim.o
 .debug_aranges
                0x00000190       0x28 ./Core/Startup/startup_stm32g071rbtx.o
 .debug_aranges
                0x000001b8      0x120 ./Drivers/STM32G0xx_HAL_Driver/Src/stm32g0xx_hal.o
 .debug_aranges
                0x000002d8       0xe8 ./Drivers/STM32G0xx_HAL_Driver/Src/stm32g0xx_hal_cortex.o
 .debug_aranges
                0x000003c0       0x60 ./Drivers/STM32G0xx_HAL_Driver/Src/stm32g0xx_hal_gpio.o
 .debug_aranges
                0x00000420       0xf0 ./Drivers/STM32G0xx_HAL_Driver/Src/stm32g0xx_hal_pwr_ex.o
 .debug_aranges
                0x00000510       0xa0 ./Drivers/STM32G0xx_HAL_Driver/Src/stm32g0xx_hal_rcc.o
 .debug_aranges
                0x000005b0       0x40 ./Drivers/STM32G0xx_HAL_Driver/Src/stm32g0xx_hal_rcc_ex.o
 .debug_aranges
                0x000005f0       0xe8 ./Drivers/STM32G0xx_HAL_Driver/Src/stm32g0xx_hal_rtc.o
 .debug_aranges
                0x000006d8      0x3e0 ./Drivers/STM32G0xx_HAL_Driver/Src/stm32g0xx_hal_tim.o
 .debug_aranges
                0x00000ab8      0x198 ./Drivers/STM32G0xx_HAL_Driver/Src/stm32g0xx_hal_tim_ex.o

.debug_rnglists
                0x00000000      0x97b
 .debug_rnglists
                0x00000000       0x14 ./Core/Src/gpio.o
 .debug_rnglists
                0x00000014       0x26 ./Core/Src/main.o
 .debug_rnglists
                0x0000003a       0x1f ./Core/Src/rtc.o
 .debug_rnglists
                0x00000059       0x13 ./Core/Src/stm32g0xx_hal_msp.o
 .debug_rnglists
                0x0000006c       0x3d ./Core/Src/stm32g0xx_it.o
 .debug_rnglists
                0x000000a9       0x1a ./Core/Src/system_stm32g0xx.o
 .debug_rnglists
                0x000000c3       0x51 ./Core/Src/tim.o
 .debug_rnglists
                0x00000114       0x19 ./Core/Startup/startup_stm32g071rbtx.o
 .debug_rnglists
                0x0000012d       0xd4 ./Drivers/STM32G0xx_HAL_Driver/Src/stm32g0xx_hal.o
 .debug_rnglists
                0x00000201       0xaa ./Drivers/STM32G0xx_HAL_Driver/Src/stm32g0xx_hal_cortex.o
 .debug_rnglists
                0x000002ab       0x45 ./Drivers/STM32G0xx_HAL_Driver/Src/stm32g0xx_hal_gpio.o
 .debug_rnglists
                0x000002f0       0xb5 ./Drivers/STM32G0xx_HAL_Driver/Src/stm32g0xx_hal_pwr_ex.o
 .debug_rnglists
                0x000003a5       0x79 ./Drivers/STM32G0xx_HAL_Driver/Src/stm32g0xx_hal_rcc.o
 .debug_rnglists
                0x0000041e       0x30 ./Drivers/STM32G0xx_HAL_Driver/Src/stm32g0xx_hal_rcc_ex.o
 .debug_rnglists
                0x0000044e       0xb5 ./Drivers/STM32G0xx_HAL_Driver/Src/stm32g0xx_hal_rtc.o
 .debug_rnglists
                0x00000503      0x32a ./Drivers/STM32G0xx_HAL_Driver/Src/stm32g0xx_hal_tim.o
 .debug_rnglists
                0x0000082d      0x14e ./Drivers/STM32G0xx_HAL_Driver/Src/stm32g0xx_hal_tim_ex.o

.debug_macro    0x00000000    0x18fd8
 .debug_macro   0x00000000      0x1fd ./Core/Src/gpio.o
 .debug_macro   0x000001fd      0xa8a ./Core/Src/gpio.o
 .debug_macro   0x00000c87      0x11d ./Core/Src/gpio.o
 .debug_macro   0x00000da4       0x2e ./Core/Src/gpio.o
 .debug_macro   0x00000dd2       0x28 ./Core/Src/gpio.o
 .debug_macro   0x00000dfa       0x22 ./Core/Src/gpio.o
 .debug_macro   0x00000e1c       0x8e ./Core/Src/gpio.o
 .debug_macro   0x00000eaa       0x51 ./Core/Src/gpio.o
 .debug_macro   0x00000efb      0x103 ./Core/Src/gpio.o
 .debug_macro   0x00000ffe       0x6a ./Core/Src/gpio.o
 .debug_macro   0x00001068      0x1df ./Core/Src/gpio.o
 .debug_macro   0x00001247       0x1c ./Core/Src/gpio.o
 .debug_macro   0x00001263       0x22 ./Core/Src/gpio.o
 .debug_macro   0x00001285       0xd1 ./Core/Src/gpio.o
 .debug_macro   0x00001356      0x4da ./Core/Src/gpio.o
 .debug_macro   0x00001830      0x11f ./Core/Src/gpio.o
 .debug_macro   0x0000194f     0xc753 ./Core/Src/gpio.o
 .debug_macro   0x0000e0a2       0x66 ./Core/Src/gpio.o
 .debug_macro   0x0000e108     0x350e ./Core/Src/gpio.o
 .debug_macro   0x00011616      0x189 ./Core/Src/gpio.o
 .debug_macro   0x0001179f       0x5c ./Core/Src/gpio.o
 .debug_macro   0x000117fb      0x56c ./Core/Src/gpio.o
 .debug_macro   0x00011d67     0x1122 ./Core/Src/gpio.o
 .debug_macro   0x00012e89      0x264 ./Core/Src/gpio.o
 .debug_macro   0x000130ed      0x1cf ./Core/Src/gpio.o
 .debug_macro   0x000132bc      0x1d8 ./Core/Src/gpio.o
 .debug_macro   0x00013494      0x426 ./Core/Src/gpio.o
 .debug_macro   0x000138ba      0x280 ./Core/Src/gpio.o
 .debug_macro   0x00013b3a      0x3a7 ./Core/Src/gpio.o
 .debug_macro   0x00013ee1      0x1b2 ./Core/Src/gpio.o
 .debug_macro   0x00014093       0x43 ./Core/Src/gpio.o
 .debug_macro   0x000140d6      0x1f1 ./Core/Src/gpio.o
 .debug_macro   0x000142c7      0x1d6 ./Core/Src/gpio.o
 .debug_macro   0x0001449d      0x38a ./Core/Src/gpio.o
 .debug_macro   0x00014827       0x28 ./Core/Src/gpio.o
 .debug_macro   0x0001484f       0xe4 ./Core/Src/gpio.o
 .debug_macro   0x00014933      0x125 ./Core/Src/gpio.o
 .debug_macro   0x00014a58      0x240 ./Core/Src/gpio.o
 .debug_macro   0x00014c98      0x328 ./Core/Src/gpio.o
 .debug_macro   0x00014fc0      0x432 ./Core/Src/gpio.o
 .debug_macro   0x000153f2       0xf2 ./Core/Src/gpio.o
 .debug_macro   0x000154e4      0xad0 ./Core/Src/gpio.o
 .debug_macro   0x00015fb4      0x1a1 ./Core/Src/gpio.o
 .debug_macro   0x00016155      0x4f2 ./Core/Src/gpio.o
 .debug_macro   0x00016647      0x1c6 ./Core/Src/gpio.o
 .debug_macro   0x0001680d      0x2f3 ./Core/Src/main.o
 .debug_macro   0x00016b00       0x61 ./Core/Src/main.o
 .debug_macro   0x00016b61       0x24 ./Core/Src/main.o
 .debug_macro   0x00016b85       0x43 ./Core/Src/main.o
 .debug_macro   0x00016bc8       0x34 ./Core/Src/main.o
 .debug_macro   0x00016bfc       0x16 ./Core/Src/main.o
 .debug_macro   0x00016c12       0x35 ./Core/Src/main.o
 .debug_macro   0x00016c47      0x369 ./Core/Src/main.o
 .debug_macro   0x00016fb0       0x10 ./Core/Src/main.o
 .debug_macro   0x00016fc0       0x16 ./Core/Src/main.o
 .debug_macro   0x00016fd6       0x43 ./Core/Src/main.o
 .debug_macro   0x00017019       0x34 ./Core/Src/main.o
 .debug_macro   0x0001704d       0x10 ./Core/Src/main.o
 .debug_macro   0x0001705d       0x58 ./Core/Src/main.o
 .debug_macro   0x000170b5       0x8e ./Core/Src/main.o
 .debug_macro   0x00017143       0x1c ./Core/Src/main.o
 .debug_macro   0x0001715f      0x177 ./Core/Src/main.o
 .debug_macro   0x000172d6       0x16 ./Core/Src/main.o
 .debug_macro   0x000172ec       0x16 ./Core/Src/main.o
 .debug_macro   0x00017302      0x146 ./Core/Src/main.o
 .debug_macro   0x00017448      0x1fd ./Core/Src/rtc.o
 .debug_macro   0x00017645      0x1f3 ./Core/Src/stm32g0xx_hal_msp.o
 .debug_macro   0x00017838      0x1fd ./Core/Src/stm32g0xx_it.o
 .debug_macro   0x00017a35      0x1e4 ./Core/Src/system_stm32g0xx.o
 .debug_macro   0x00017c19      0x1fd ./Core/Src/tim.o
 .debug_macro   0x00017e16      0x208 ./Drivers/STM32G0xx_HAL_Driver/Src/stm32g0xx_hal.o
 .debug_macro   0x0001801e      0x1e4 ./Drivers/STM32G0xx_HAL_Driver/Src/stm32g0xx_hal_cortex.o
 .debug_macro   0x00018202      0x1eb ./Drivers/STM32G0xx_HAL_Driver/Src/stm32g0xx_hal_gpio.o
 .debug_macro   0x000183ed      0x20e ./Drivers/STM32G0xx_HAL_Driver/Src/stm32g0xx_hal_pwr_ex.o
 .debug_macro   0x000185fb      0x226 ./Drivers/STM32G0xx_HAL_Driver/Src/stm32g0xx_hal_rcc.o
 .debug_macro   0x00018821      0x1fc ./Drivers/STM32G0xx_HAL_Driver/Src/stm32g0xx_hal_rcc_ex.o
 .debug_macro   0x00018a1d      0x1e5 ./Drivers/STM32G0xx_HAL_Driver/Src/stm32g0xx_hal_rtc.o
 .debug_macro   0x00018c02      0x1ec ./Drivers/STM32G0xx_HAL_Driver/Src/stm32g0xx_hal_tim.o
 .debug_macro   0x00018dee      0x1ea ./Drivers/STM32G0xx_HAL_Driver/Src/stm32g0xx_hal_tim_ex.o

.debug_line     0x00000000     0xf55d
 .debug_line    0x00000000      0x7e2 ./Core/Src/gpio.o
 .debug_line    0x000007e2      0x9ac ./Core/Src/main.o
 .debug_line    0x0000118e      0x7f9 ./Core/Src/rtc.o
 .debug_line    0x00001987      0x790 ./Core/Src/stm32g0xx_hal_msp.o
 .debug_line    0x00002117      0x845 ./Core/Src/stm32g0xx_it.o
 .debug_line    0x0000295c      0x802 ./Core/Src/system_stm32g0xx.o
 .debug_line    0x0000315e      0xcf6 ./Core/Src/tim.o
 .debug_line    0x00003e54       0x7b ./Core/Startup/startup_stm32g071rbtx.o
 .debug_line    0x00003ecf      0xb38 ./Drivers/STM32G0xx_HAL_Driver/Src/stm32g0xx_hal.o
 .debug_line    0x00004a07      0xbdd ./Drivers/STM32G0xx_HAL_Driver/Src/stm32g0xx_hal_cortex.o
 .debug_line    0x000055e4      0xbc1 ./Drivers/STM32G0xx_HAL_Driver/Src/stm32g0xx_hal_gpio.o
 .debug_line    0x000061a5      0xb21 ./Drivers/STM32G0xx_HAL_Driver/Src/stm32g0xx_hal_pwr_ex.o
 .debug_line    0x00006cc6      0xf61 ./Drivers/STM32G0xx_HAL_Driver/Src/stm32g0xx_hal_rcc.o
 .debug_line    0x00007c27      0xd92 ./Drivers/STM32G0xx_HAL_Driver/Src/stm32g0xx_hal_rcc_ex.o
 .debug_line    0x000089b9     0x11a6 ./Drivers/STM32G0xx_HAL_Driver/Src/stm32g0xx_hal_rtc.o
 .debug_line    0x00009b5f     0x3d37 ./Drivers/STM32G0xx_HAL_Driver/Src/stm32g0xx_hal_tim.o
 .debug_line    0x0000d896     0x1cc7 ./Drivers/STM32G0xx_HAL_Driver/Src/stm32g0xx_hal_tim_ex.o

.debug_str      0x00000000    0xa1a7b
 .debug_str     0x00000000    0x9a9e9 ./Core/Src/gpio.o
                              0x9af51 (size before relaxing)
 .debug_str     0x0009a9e9     0x3e9a ./Core/Src/main.o
                              0x9eae7 (size before relaxing)
 .debug_str     0x0009e883      0x2fd ./Core/Src/rtc.o
                              0x9afd3 (size before relaxing)
 .debug_str     0x0009eb80       0x2c ./Core/Src/stm32g0xx_hal_msp.o
                              0x9ac64 (size before relaxing)
 .debug_str     0x0009ebac       0xd5 ./Core/Src/stm32g0xx_it.o
                              0x9ac49 (size before relaxing)
 .debug_str     0x0009ec81       0x8e ./Core/Src/system_stm32g0xx.o
                              0x9a3de (size before relaxing)
 .debug_str     0x0009ed0f      0x4b0 ./Core/Src/tim.o
                              0x9b974 (size before relaxing)
 .debug_str     0x0009f1bf       0x44 ./Core/Startup/startup_stm32g071rbtx.o
                                 0x7d (size before relaxing)
 .debug_str     0x0009f203      0x55d ./Drivers/STM32G0xx_HAL_Driver/Src/stm32g0xx_hal.o
                              0x9abdb (size before relaxing)
 .debug_str     0x0009f760      0x2a4 ./Drivers/STM32G0xx_HAL_Driver/Src/stm32g0xx_hal_cortex.o
                              0x9a8a5 (size before relaxing)
 .debug_str     0x0009fa04      0x13d ./Drivers/STM32G0xx_HAL_Driver/Src/stm32g0xx_hal_gpio.o
                              0x9a527 (size before relaxing)
 .debug_str     0x0009fb41      0x38b ./Drivers/STM32G0xx_HAL_Driver/Src/stm32g0xx_hal_pwr_ex.o
                              0x9a86b (size before relaxing)
 .debug_str     0x0009fecc      0x4ae ./Drivers/STM32G0xx_HAL_Driver/Src/stm32g0xx_hal_rcc.o
                              0x9ab34 (size before relaxing)
 .debug_str     0x000a037a      0x185 ./Drivers/STM32G0xx_HAL_Driver/Src/stm32g0xx_hal_rcc_ex.o
                              0x9a7a8 (size before relaxing)
 .debug_str     0x000a04ff      0x340 ./Drivers/STM32G0xx_HAL_Driver/Src/stm32g0xx_hal_rtc.o
                              0x9a8bc (size before relaxing)
 .debug_str     0x000a083f      0xd36 ./Drivers/STM32G0xx_HAL_Driver/Src/stm32g0xx_hal_tim.o
                              0x9b920 (size before relaxing)
 .debug_str     0x000a1575      0x506 ./Drivers/STM32G0xx_HAL_Driver/Src/stm32g0xx_hal_tim_ex.o
                              0x9b2ae (size before relaxing)

.comment        0x00000000       0x43
 .comment       0x00000000       0x43 ./Core/Src/gpio.o
                                 0x44 (size before relaxing)
 .comment       0x00000043       0x44 ./Core/Src/main.o
 .comment       0x00000043       0x44 ./Core/Src/rtc.o
 .comment       0x00000043       0x44 ./Core/Src/stm32g0xx_hal_msp.o
 .comment       0x00000043       0x44 ./Core/Src/stm32g0xx_it.o
 .comment       0x00000043       0x44 ./Core/Src/system_stm32g0xx.o
 .comment       0x00000043       0x44 ./Core/Src/tim.o
 .comment       0x00000043       0x44 ./Drivers/STM32G0xx_HAL_Driver/Src/stm32g0xx_hal.o
 .comment       0x00000043       0x44 ./Drivers/STM32G0xx_HAL_Driver/Src/stm32g0xx_hal_cortex.o
 .comment       0x00000043       0x44 ./Drivers/STM32G0xx_HAL_Driver/Src/stm32g0xx_hal_gpio.o
 .comment       0x00000043       0x44 ./Drivers/STM32G0xx_HAL_Driver/Src/stm32g0xx_hal_pwr_ex.o
 .comment       0x00000043       0x44 ./Drivers/STM32G0xx_HAL_Driver/Src/stm32g0xx_hal_rcc.o
 .comment       0x00000043       0x44 ./Drivers/STM32G0xx_HAL_Driver/Src/stm32g0xx_hal_rcc_ex.o
 .comment       0x00000043       0x44 ./Drivers/STM32G0xx_HAL_Driver/Src/stm32g0xx_hal_rtc.o
 .comment       0x00000043       0x44 ./Drivers/STM32G0xx_HAL_Driver/Src/stm32g0xx_hal_tim.o
 .comment       0x00000043       0x44 ./Drivers/STM32G0xx_HAL_Driver/Src/stm32g0xx_hal_tim_ex.o

.debug_frame    0x00000000     0x2b3c
 .debug_frame   0x00000000       0x30 ./Core/Src/gpio.o
 .debug_frame   0x00000030       0x88 ./Core/Src/main.o
 .debug_frame   0x000000b8       0x6c ./Core/Src/rtc.o
 .debug_frame   0x00000124       0x30 ./Core/Src/stm32g0xx_hal_msp.o
 .debug_frame   0x00000154       0xf0 ./Core/Src/stm32g0xx_it.o
 .debug_frame   0x00000244       0x4c ./Core/Src/system_stm32g0xx.o
 .debug_frame   0x00000290      0x148 ./Core/Src/tim.o
 .debug_frame   0x000003d8      0x3dc ./Drivers/STM32G0xx_HAL_Driver/Src/stm32g0xx_hal.o
 .debug_frame   0x000007b4      0x33c ./Drivers/STM32G0xx_HAL_Driver/Src/stm32g0xx_hal_cortex.o
 .debug_frame   0x00000af0      0x130 ./Drivers/STM32G0xx_HAL_Driver/Src/stm32g0xx_hal_gpio.o
 .debug_frame   0x00000c20      0x32c ./Drivers/STM32G0xx_HAL_Driver/Src/stm32g0xx_hal_pwr_ex.o
 .debug_frame   0x00000f4c      0x214 ./Drivers/STM32G0xx_HAL_Driver/Src/stm32g0xx_hal_rcc.o
 .debug_frame   0x00001160       0xb0 ./Drivers/STM32G0xx_HAL_Driver/Src/stm32g0xx_hal_rcc_ex.o
 .debug_frame   0x00001210      0x360 ./Drivers/STM32G0xx_HAL_Driver/Src/stm32g0xx_hal_rtc.o
 .debug_frame   0x00001570      0xf40 ./Drivers/STM32G0xx_HAL_Driver/Src/stm32g0xx_hal_tim.o
 .debug_frame   0x000024b0      0x620 ./Drivers/STM32G0xx_HAL_Driver/Src/stm32g0xx_hal_tim_ex.o
 .debug_frame   0x00002ad0       0x20 C:/ST/STM32CubeIDE_1.16.1/STM32CubeIDE/plugins/com.st.stm32cube.ide.mcu.externaltools.gnu-tools-for-stm32.12.3.rel1.win32_1.0.200.202406191623/tools/bin/../lib/gcc/arm-none-eabi/12.3.1/../../../../arm-none-eabi/lib/thumb/v6-m/nofp\libc_nano.a(libc_a-memset.o)
 .debug_frame   0x00002af0       0x2c C:/ST/STM32CubeIDE_1.16.1/STM32CubeIDE/plugins/com.st.stm32cube.ide.mcu.externaltools.gnu-tools-for-stm32.12.3.rel1.win32_1.0.200.202406191623/tools/bin/../lib/gcc/arm-none-eabi/12.3.1/../../../../arm-none-eabi/lib/thumb/v6-m/nofp\libc_nano.a(libc_a-init.o)
 .debug_frame   0x00002b1c       0x20 C:/ST/STM32CubeIDE_1.16.1/STM32CubeIDE/plugins/com.st.stm32cube.ide.mcu.externaltools.gnu-tools-for-stm32.12.3.rel1.win32_1.0.200.202406191623/tools/bin/../lib/gcc/arm-none-eabi/12.3.1/thumb/v6-m/nofp\libgcc.a(_udivsi3.o)

.debug_line_str
                0x00000000       0x61
 .debug_line_str
                0x00000000       0x61 ./Core/Startup/startup_stm32g071rbtx.o
