../Core/Src/main.c:64:5:__io_putchar	16	static
../Core/Src/main.c:71:5:__io_getchar	8	static
../Core/Src/main.c:79:6:HAL_GPIO_EXTI_Rising_Callback	24	static
../Core/Src/main.c:91:6:HAL_GPIO_EXTI_Falling_Callback	24	static
../Core/Src/main.c:104:6:HAL_IncTick	8	static
../Core/Src/main.c:126:6:HAL_TIM_OC_DelayElapsedCallback	24	static
../Core/Src/main.c:218:6:checkTah	32	static
../Core/Src/main.c:228:6:Tahometr	16	static
../Core/Src/main.c:264:5:main	8	static
../Core/Src/main.c:325:6:SystemClock_Config	88	static
../Core/Src/main.c:378:6:Error_Handler	8	static,ignoring_inline_asm
