../Core/Src/tim.c:31:6:set_PWM	8	static
../Core/Src/tim.c:42:6:adjust_PWM	8	static
../Core/Src/tim.c:61:6:MX_TIM1_Init	120	static
../Core/Src/tim.c:143:6:MX_TIM2_Init	64	static
../Core/Src/tim.c:198:6:MX_TIM3_Init	64	static
../Core/Src/tim.c:257:6:MX_TIM14_Init	8	static
../Core/Src/tim.c:283:6:MX_TIM16_Init	88	static
../Core/Src/tim.c:341:6:MX_TIM17_Init	88	static
../Core/Src/tim.c:399:6:HAL_TIM_Base_MspInit	96	static
../Core/Src/tim.c:483:6:HAL_TIM_MspPostInit	64	static
../Core/Src/tim.c:575:6:HAL_TIM_Base_MspDeInit	16	static
